{
    "Impute with glimpse1": {
        "content": [
            {
                "0": [
                    [
                        {
                            "id": "NA12878",
                            "panel": "1000GP",
                            "chr": "22",
                            "tools": "glimpse1"
                        },
                        "NA12878_22_ligate.vcf.gz:md5,0cfebd7b9e54867eecaa83a05b28fb73",
                        "NA12878_22_ligate.vcf.gz.tbi:md5,2f4d48a88b06e39ca27e92a80aed8637"
                    ],
                    [
                        {
                            "id": "NA19401",
                            "panel": "1000GP",
                            "chr": "22",
                            "tools": "glimpse1"
                        },
                        "NA19401_22_ligate.vcf.gz:md5,bdc87c2bdf3d4ec70716388319d56f5f",
                        "NA19401_22_ligate.vcf.gz.tbi:md5,0c10468e0a63a5d175f23c6bf731ed66"
                    ]
                ],
                "1": [
                    "versions.yml:md5,37a7932cdb5436e6de517224997782b7",
                    "versions.yml:md5,37a7932cdb5436e6de517224997782b7",
                    "versions.yml:md5,37a7932cdb5436e6de517224997782b7",
                    "versions.yml:md5,37a7932cdb5436e6de517224997782b7",
                    "versions.yml:md5,470f38ebb4e2333ff70702df9716dfa2",
                    "versions.yml:md5,a3db5c2981d19a6f37340bb9c7cede83",
                    "versions.yml:md5,a3db5c2981d19a6f37340bb9c7cede83",
                    "versions.yml:md5,a3db5c2981d19a6f37340bb9c7cede83",
                    "versions.yml:md5,a3db5c2981d19a6f37340bb9c7cede83",
                    "versions.yml:md5,ba880476e98fa9825649bb9d394a96b5",
                    "versions.yml:md5,ba880476e98fa9825649bb9d394a96b5",
                    "versions.yml:md5,cffe7f76c26424afef6177533d1b8768",
                    "versions.yml:md5,cffe7f76c26424afef6177533d1b8768",
                    "versions.yml:md5,e554dad12029fb193020cbcdbc1519cc",
                    "versions.yml:md5,f630355fc3b592f13a2ca2f1edd4aad1",
                    "versions.yml:md5,fe05ac885c0841c53f9f4a1cbae5d9e9"
                ],
                "2": [
                    "NA12878.bcftools_stats.txt:md5,4cacbe4d6dfba4a8035e37611c91923c",
                    "NA19401.bcftools_stats.txt:md5,f91fd586acfdf3845d111a062fbb263f"
                ],
                "multiqc_files": [
                    "NA12878.bcftools_stats.txt:md5,4cacbe4d6dfba4a8035e37611c91923c",
                    "NA19401.bcftools_stats.txt:md5,f91fd586acfdf3845d111a062fbb263f"
                ],
                "vcf_tbi": [
                    [
                        {
                            "id": "NA12878",
                            "panel": "1000GP",
                            "chr": "22",
                            "tools": "glimpse1"
                        },
                        "NA12878_22_ligate.vcf.gz:md5,0cfebd7b9e54867eecaa83a05b28fb73",
                        "NA12878_22_ligate.vcf.gz.tbi:md5,2f4d48a88b06e39ca27e92a80aed8637"
                    ],
                    [
                        {
                            "id": "NA19401",
                            "panel": "1000GP",
                            "chr": "22",
                            "tools": "glimpse1"
                        },
                        "NA19401_22_ligate.vcf.gz:md5,bdc87c2bdf3d4ec70716388319d56f5f",
                        "NA19401_22_ligate.vcf.gz.tbi:md5,0c10468e0a63a5d175f23c6bf731ed66"
                    ]
                ],
                "versions": [
                    "versions.yml:md5,37a7932cdb5436e6de517224997782b7",
                    "versions.yml:md5,37a7932cdb5436e6de517224997782b7",
                    "versions.yml:md5,37a7932cdb5436e6de517224997782b7",
                    "versions.yml:md5,37a7932cdb5436e6de517224997782b7",
                    "versions.yml:md5,470f38ebb4e2333ff70702df9716dfa2",
                    "versions.yml:md5,a3db5c2981d19a6f37340bb9c7cede83",
                    "versions.yml:md5,a3db5c2981d19a6f37340bb9c7cede83",
                    "versions.yml:md5,a3db5c2981d19a6f37340bb9c7cede83",
                    "versions.yml:md5,a3db5c2981d19a6f37340bb9c7cede83",
                    "versions.yml:md5,ba880476e98fa9825649bb9d394a96b5",
                    "versions.yml:md5,ba880476e98fa9825649bb9d394a96b5",
                    "versions.yml:md5,cffe7f76c26424afef6177533d1b8768",
                    "versions.yml:md5,cffe7f76c26424afef6177533d1b8768",
                    "versions.yml:md5,e554dad12029fb193020cbcdbc1519cc",
                    "versions.yml:md5,f630355fc3b592f13a2ca2f1edd4aad1",
                    "versions.yml:md5,fe05ac885c0841c53f9f4a1cbae5d9e9"
                ]
            }
        ],
        "meta": {
            "nf-test": "0.8.4",
            "nextflow": "24.04.3"
        },
        "timestamp": "2024-07-17T15:53:21.253850871"
    },
    "Summary": {
        "content": [
            [
                "VcfFile [chromosomes=[22], sampleCount=1, variantCount=903, phased=false, phasedAutodetect=false]",
                "VcfFile [chromosomes=[22], sampleCount=1, variantCount=903, phased=false, phasedAutodetect=false]"
            ]
        ],
        "meta": {
            "nf-test": "0.8.4",
            "nextflow": "24.04.3"
        },
        "timestamp": "2024-07-17T15:53:21.988387905"
    }
}