{
    "Test Function exportCsv": {
        "content": null,
        "meta": {
            "nf-test": "0.8.4",
            "nextflow": "23.10.1"
        },
        "timestamp": "2024-07-10T16:27:29.128695884"
    }
}