{
    "Normalize content": {
        "content": [
            [
                "VcfFile [chromosomes=[chr21], sampleCount=0, variantCount=836, phased=true, phasedAutodetect=true]",
                "VcfFile [chromosomes=[chr22], sampleCount=0, variantCount=903, phased=true, phasedAutodetect=true]"
            ]
        ],
        "meta": {
            "nf-test": "0.8.4",
            "nextflow": "23.10.1"
        },
        "timestamp": "2024-07-18T17:18:11.757404002"
    },
    "Extract sites content": {
        "content": [
            [
                "VcfFile [chromosomes=[chr21], sampleCount=0, variantCount=836, phased=true, phasedAutodetect=true]",
                "VcfFile [chromosomes=[chr22], sampleCount=0, variantCount=903, phased=true, phasedAutodetect=true]"
            ]
        ],
        "meta": {
            "nf-test": "0.8.4",
            "nextflow": "23.10.1"
        },
        "timestamp": "2024-07-18T17:19:04.507605451"
    },
    "Extract sites": {
        "content": [
            {
                "0": [
                    [
                        {
                            "id": "1000GP",
                            "chr": "chr21"
                        },
                        "1000GP_chr21_glimpse1_sites.vcf.gz:md5,9eff24bfee06f8fe274922ad06ccaf59",
                        "1000GP_chr21_glimpse1_sites.vcf.gz.tbi:md5,92f4dca4b3ed85b53e88c2ce6caa1ba4",
                        "1000GP_chr21.hap.gz:md5,64d7fdfc96ce79848cf9c3c220e6774f",
                        "1000GP_chr21.legend.gz:md5,3f7edc4c153521a0871c9d51f7da2372"
                    ],
                    [
                        {
                            "id": "1000GP",
                            "chr": "chr22"
                        },
                        "1000GP_chr22_glimpse1_sites.vcf.gz:md5,2bd01ad6efeb5e33fc9cc0fb59c5ca4d",
                        "1000GP_chr22_glimpse1_sites.vcf.gz.tbi:md5,89c2c5662e869750dbe0044993b66cb3",
                        "1000GP_chr22.hap.gz:md5,9500b831dcfee86a98577dde9e2cce73",
                        "1000GP_chr22.legend.gz:md5,82f6f97f61e68b4872cc14c0125ff037"
                    ]
                ],
                "1": [
                    "versions.yml:md5,4200660d750728ce3b7ee1f3bce1e18e",
                    "versions.yml:md5,4200660d750728ce3b7ee1f3bce1e18e",
                    "versions.yml:md5,a68010a14b99e45c800704d0ebc37d0d"
                ],
                "posfile": [
                    [
                        {
                            "id": "1000GP",
                            "chr": "chr21"
                        },
                        "1000GP_chr21_glimpse1_sites.vcf.gz:md5,9eff24bfee06f8fe274922ad06ccaf59",
                        "1000GP_chr21_glimpse1_sites.vcf.gz.tbi:md5,92f4dca4b3ed85b53e88c2ce6caa1ba4",
                        "1000GP_chr21.hap.gz:md5,64d7fdfc96ce79848cf9c3c220e6774f",
                        "1000GP_chr21.legend.gz:md5,3f7edc4c153521a0871c9d51f7da2372"
                    ],
                    [
                        {
                            "id": "1000GP",
                            "chr": "chr22"
                        },
                        "1000GP_chr22_glimpse1_sites.vcf.gz:md5,2bd01ad6efeb5e33fc9cc0fb59c5ca4d",
                        "1000GP_chr22_glimpse1_sites.vcf.gz.tbi:md5,89c2c5662e869750dbe0044993b66cb3",
                        "1000GP_chr22.hap.gz:md5,9500b831dcfee86a98577dde9e2cce73",
                        "1000GP_chr22.legend.gz:md5,82f6f97f61e68b4872cc14c0125ff037"
                    ]
                ],
                "versions": [
                    "versions.yml:md5,4200660d750728ce3b7ee1f3bce1e18e",
                    "versions.yml:md5,4200660d750728ce3b7ee1f3bce1e18e",
                    "versions.yml:md5,a68010a14b99e45c800704d0ebc37d0d"
                ]
            }
        ],
        "meta": {
            "nf-test": "0.8.4",
            "nextflow": "23.10.1"
        },
        "timestamp": "2024-07-18T17:18:09.474680524"
    }
}