{
    "Extract chr from bam": {
        "content": [
            {
                "0": [
                    
                ],
                "1": [
                    
                ],
                "chr": [
                    
                ],
                "versions": [
                    
                ]
            }
        ],
        "meta": {
            "nf-test": "0.8.4",
            "nextflow": "24.04.1"
        },
        "timestamp": "2024-06-16T12:06:26.625434359"
    }
}